// Jest Snapshot v1, https://goo.gl/fbAQLP

exports[`CountUp component re-renders change of duration value correctly 1`] = `
<div>
  <span>
    0
  </span>
</div>
`;

exports[`CountUp component re-renders change of end value correctly 1`] = `
<div>
  <span>
    0
  </span>
</div>
`;

exports[`CountUp component re-renders change of start value correctly 1`] = `
<div>
  <span>
    10
  </span>
</div>
`;

exports[`CountUp component re-renders with redraw={false} correctly 1`] = `
<div>
  <span>
    10
  </span>
</div>
`;

exports[`CountUp component renders as a render prop component correctly 1`] = `
<div>
  <div>
    0
  </div>
</div>
`;

exports[`CountUp component renders start value correctly 1`] = `
<div>
  <span>
    10
  </span>
</div>
`;

exports[`CountUp component renders with autostart correctly 1`] = `
<div>
  <div>
    0
  </div>
</div>
`;

exports[`CountUp component renders with delay as a render prop component correctly 1`] = `
<div>
  <div>
    0
  </div>
</div>
`;

exports[`CountUp component renders with delay correctly 1`] = `
<div>
  <span>
    0
  </span>
</div>
`;
