// Jest Snapshot v1, https://goo.gl/fbAQLP

exports[`renders correctly 1`] = `
<span
  className={undefined}
  style={undefined}
>
  0
</span>
`;

exports[`renders correctly with formattingFn 1`] = `
<span
  className={undefined}
  style={undefined}
>
  formated:0
</span>
`;

exports[`renders correctly with wrong onStart type 1`] = `
<span
  className={undefined}
  style={undefined}
>
  0
</span>
`;
